// Jest Snapshot v1, https://goo.gl/fbAQLP

exports[`List title component should render list title component 1`] = `
<View
  style={
    {
      "alignItems": "center",
      "backgroundColor": "rgba(111, 202, 186, 1)",
      "display": "flex",
      "flexDirection": "row",
      "height": 120,
      "justifyContent": "center",
    }
  }
>
  <View
    style={
      {
        "width": "25%",
      }
    }
  >
    <View
      style={
        {
          "alignItems": "center",
          "backgroundColor": "rgba(255, 255, 255, 0)",
          "borderColor": "#bcbbc1",
          "flexDirection": "row",
          "padding": 14,
        }
      }
      testID="RNE__LISTITEM__padView"
    >
      <Text
        accessibilityRole="text"
        style={
          {
            "backgroundColor": "transparent",
            "color": "rgba(255, 255, 255, 1)",
            "fontSize": 22,
            "textAlign": "left",
          }
        }
        testID="app-text-container"
      >
        Name
      </Text>
    </View>
  </View>
  <View
    style={
      {
        "width": "25%",
      }
    }
  >
    <View
      style={
        {
          "alignItems": "center",
          "backgroundColor": "rgba(255, 255, 255, 0)",
          "borderColor": "#bcbbc1",
          "flexDirection": "row",
          "padding": 14,
        }
      }
      testID="RNE__LISTITEM__padView"
    >
      <Text
        accessibilityRole="text"
        style={
          {
            "backgroundColor": "transparent",
            "color": "rgba(255, 255, 255, 1)",
            "fontSize": 22,
            "textAlign": "left",
          }
        }
        testID="app-text-container"
      >
        Rank
      </Text>
    </View>
  </View>
  <View
    style={
      {
        "width": "25%",
      }
    }
  >
    <View
      style={
        {
          "alignItems": "center",
          "backgroundColor": "rgba(255, 255, 255, 0)",
          "borderColor": "#bcbbc1",
          "flexDirection": "row",
          "padding": 14,
        }
      }
      testID="RNE__LISTITEM__padView"
    >
      <Text
        accessibilityRole="text"
        style={
          {
            "backgroundColor": "transparent",
            "color": "rgba(255, 255, 255, 1)",
            "fontSize": 22,
            "textAlign": "left",
          }
        }
        testID="app-text-container"
      >
        No. of bananas
      </Text>
    </View>
  </View>
  <View
    style={
      {
        "width": "25%",
      }
    }
  >
    <View
      style={
        {
          "alignItems": "center",
          "backgroundColor": "rgba(255, 255, 255, 0)",
          "borderColor": "#bcbbc1",
          "flexDirection": "row",
          "padding": 14,
        }
      }
      testID="RNE__LISTITEM__padView"
    >
      <Text
        accessibilityRole="text"
        style={
          {
            "backgroundColor": "transparent",
            "color": "rgba(255, 255, 255, 1)",
            "fontSize": 22,
            "textAlign": "left",
          }
        }
        testID="app-text-container"
      >
        isSearchedUser?
      </Text>
    </View>
  </View>
</View>
`;
