// Jest Snapshot v1, https://goo.gl/fbAQLP

exports[`Fuzzy match button should render the button 1`] = `
<View
  style={
    [
      {
        "overflow": "hidden",
      },
      {
        "borderRadius": 2,
      },
      [
        {
          "paddingVertical": 5,
          "width": "30%",
        },
        {
          "width": "auto",
        },
      ],
      false,
    ]
  }
  testID="RNE_BUTTON_WRAPPER"
>
  <View
    accessibilityRole="button"
    accessibilityState={
      {
        "busy": false,
        "checked": undefined,
        "disabled": false,
        "expanded": undefined,
        "selected": undefined,
      }
    }
    accessibilityValue={
      {
        "max": undefined,
        "min": undefined,
        "now": undefined,
        "text": undefined,
      }
    }
    accessible={true}
    collapsable={false}
    focusable={true}
    onClick={[Function]}
    onResponderGrant={[Function]}
    onResponderMove={[Function]}
    onResponderRelease={[Function]}
    onResponderTerminate={[Function]}
    onResponderTerminationRequest={[Function]}
    onStartShouldSetResponder={[Function]}
    style={
      {
        "opacity": 1,
      }
    }
    testID="app-button"
  >
    <View
      style={
        {
          "alignItems": "center",
          "backgroundColor": "rgba(111, 202, 186, 1)",
          "borderColor": "#2089dc",
          "borderRadius": 5,
          "borderWidth": 0,
          "flexDirection": "row",
          "justifyContent": "center",
          "padding": 8,
          "paddingHorizontal": 10,
        }
      }
    >
      <Text
        style={
          {
            "color": "rgba(255, 255, 255, 1)",
            "fontSize": 22,
            "fontWeight": "bold",
            "paddingVertical": 1,
            "textAlign": "center",
          }
        }
      >
        Fuzzy Search
      </Text>
    </View>
  </View>
</View>
`;
